Analysis & Synthesis report for digital_temp_sensor
Mon Jun 08 20:14:31 2026
Quartus Prime Version 20.1.0 Build 711 06/05/2020 SJ Lite Edition


---------------------
; Table of Contents ;
---------------------
  1. Legal Notice
  2. Analysis & Synthesis Summary
  3. Analysis & Synthesis Settings
  4. Parallel Compilation
  5. Analysis & Synthesis Source Files Read
  6. Analysis & Synthesis Resource Usage Summary
  7. Analysis & Synthesis Resource Utilization by Entity
  8. State Machine - |digital_temp_sensor|state
  9. State Machine - |digital_temp_sensor|i2c_master_top:i2c_core|i2c_master_byte_ctrl:u_byte|\statemachine:c_state
 10. State Machine - |digital_temp_sensor|i2c_master_top:i2c_core|i2c_master_byte_ctrl:u_byte|i2c_master_bit_ctrl:bit_ctrl|c_state
 11. Registers Removed During Synthesis
 12. General Register Statistics
 13. Inverted Register Statistics
 14. Multiplexer Restructuring Statistics (Restructuring Performed)
 15. Port Connectivity Checks: "i2c_master_top:i2c_core|i2c_master_byte_ctrl:u_byte"
 16. Port Connectivity Checks: "i2c_master_top:i2c_core"
 17. Post-Synthesis Netlist Statistics for Top Partition
 18. Elapsed Time Per Partition
 19. Analysis & Synthesis Messages



----------------
; Legal Notice ;
----------------
Copyright (C) 2020  Intel Corporation. All rights reserved.
Your use of Intel Corporation's design tools, logic functions 
and other software and tools, and any partner logic 
functions, and any output files from any of the foregoing 
(including device programming or simulation files), and any 
associated documentation or information are expressly subject 
to the terms and conditions of the Intel Program License 
Subscription Agreement, the Intel Quartus Prime License Agreement,
the Intel FPGA IP License Agreement, or other applicable license
agreement, including, without limitation, that your use is for
the sole purpose of programming logic devices manufactured by
Intel and sold by Intel or its authorized distributors.  Please
refer to the applicable agreement for further details, at
https://fpgasoftware.intel.com/eula.



+----------------------------------------------------------------------------------+
; Analysis & Synthesis Summary                                                     ;
+------------------------------------+---------------------------------------------+
; Analysis & Synthesis Status        ; Successful - Mon Jun 08 20:14:31 2026       ;
; Quartus Prime Version              ; 20.1.0 Build 711 06/05/2020 SJ Lite Edition ;
; Revision Name                      ; digital_temp_sensor                         ;
; Top-level Entity Name              ; digital_temp_sensor                         ;
; Family                             ; Cyclone IV E                                ;
; Total logic elements               ; 309                                         ;
;     Total combinational functions  ; 293                                         ;
;     Dedicated logic registers      ; 183                                         ;
; Total registers                    ; 183                                         ;
; Total pins                         ; 15                                          ;
; Total virtual pins                 ; 0                                           ;
; Total memory bits                  ; 0                                           ;
; Embedded Multiplier 9-bit elements ; 0                                           ;
; Total PLLs                         ; 0                                           ;
+------------------------------------+---------------------------------------------+


+--------------------------------------------------------------------------------------------------------------+
; Analysis & Synthesis Settings                                                                                ;
+------------------------------------------------------------------+---------------------+---------------------+
; Option                                                           ; Setting             ; Default Value       ;
+------------------------------------------------------------------+---------------------+---------------------+
; Device                                                           ; EP4CE10E22C8        ;                     ;
; Top-level entity name                                            ; digital_temp_sensor ; digital_temp_sensor ;
; Family name                                                      ; Cyclone IV E        ; Cyclone V           ;
; Use smart compilation                                            ; Off                 ; Off                 ;
; Enable parallel Assembler and Timing Analyzer during compilation ; On                  ; On                  ;
; Enable compact report table                                      ; Off                 ; Off                 ;
; Restructure Multiplexers                                         ; Auto                ; Auto                ;
; Create Debugging Nodes for IP Cores                              ; Off                 ; Off                 ;
; Preserve fewer node names                                        ; On                  ; On                  ;
; Intel FPGA IP Evaluation Mode                                    ; Enable              ; Enable              ;
; Verilog Version                                                  ; Verilog_2001        ; Verilog_2001        ;
; VHDL Version                                                     ; VHDL_1993           ; VHDL_1993           ;
; State Machine Processing                                         ; Auto                ; Auto                ;
; Safe State Machine                                               ; Off                 ; Off                 ;
; Extract Verilog State Machines                                   ; On                  ; On                  ;
; Extract VHDL State Machines                                      ; On                  ; On                  ;
; Ignore Verilog initial constructs                                ; Off                 ; Off                 ;
; Iteration limit for constant Verilog loops                       ; 5000                ; 5000                ;
; Iteration limit for non-constant Verilog loops                   ; 250                 ; 250                 ;
; Add Pass-Through Logic to Inferred RAMs                          ; On                  ; On                  ;
; Infer RAMs from Raw Logic                                        ; On                  ; On                  ;
; Parallel Synthesis                                               ; On                  ; On                  ;
; DSP Block Balancing                                              ; Auto                ; Auto                ;
; NOT Gate Push-Back                                               ; On                  ; On                  ;
; Power-Up Don't Care                                              ; On                  ; On                  ;
; Remove Redundant Logic Cells                                     ; Off                 ; Off                 ;
; Remove Duplicate Registers                                       ; On                  ; On                  ;
; Ignore CARRY Buffers                                             ; Off                 ; Off                 ;
; Ignore CASCADE Buffers                                           ; Off                 ; Off                 ;
; Ignore GLOBAL Buffers                                            ; Off                 ; Off                 ;
; Ignore ROW GLOBAL Buffers                                        ; Off                 ; Off                 ;
; Ignore LCELL Buffers                                             ; Off                 ; Off                 ;
; Ignore SOFT Buffers                                              ; On                  ; On                  ;
; Limit AHDL Integers to 32 Bits                                   ; Off                 ; Off                 ;
; Optimization Technique                                           ; Balanced            ; Balanced            ;
; Carry Chain Length                                               ; 70                  ; 70                  ;
; Auto Carry Chains                                                ; On                  ; On                  ;
; Auto Open-Drain Pins                                             ; On                  ; On                  ;
; Perform WYSIWYG Primitive Resynthesis                            ; Off                 ; Off                 ;
; Auto ROM Replacement                                             ; On                  ; On                  ;
; Auto RAM Replacement                                             ; On                  ; On                  ;
; Auto DSP Block Replacement                                       ; On                  ; On                  ;
; Auto Shift Register Replacement                                  ; Auto                ; Auto                ;
; Allow Shift Register Merging across Hierarchies                  ; Auto                ; Auto                ;
; Auto Clock Enable Replacement                                    ; On                  ; On                  ;
; Strict RAM Replacement                                           ; Off                 ; Off                 ;
; Allow Synchronous Control Signals                                ; On                  ; On                  ;
; Force Use of Synchronous Clear Signals                           ; Off                 ; Off                 ;
; Auto RAM Block Balancing                                         ; On                  ; On                  ;
; Auto RAM to Logic Cell Conversion                                ; Off                 ; Off                 ;
; Auto Resource Sharing                                            ; Off                 ; Off                 ;
; Allow Any RAM Size For Recognition                               ; Off                 ; Off                 ;
; Allow Any ROM Size For Recognition                               ; Off                 ; Off                 ;
; Allow Any Shift Register Size For Recognition                    ; Off                 ; Off                 ;
; Use LogicLock Constraints during Resource Balancing              ; On                  ; On                  ;
; Ignore translate_off and synthesis_off directives                ; Off                 ; Off                 ;
; Timing-Driven Synthesis                                          ; On                  ; On                  ;
; Report Parameter Settings                                        ; On                  ; On                  ;
; Report Source Assignments                                        ; On                  ; On                  ;
; Report Connectivity Checks                                       ; On                  ; On                  ;
; Ignore Maximum Fan-Out Assignments                               ; Off                 ; Off                 ;
; Synchronization Register Chain Length                            ; 2                   ; 2                   ;
; Power Optimization During Synthesis                              ; Normal compilation  ; Normal compilation  ;
; HDL message level                                                ; Level2              ; Level2              ;
; Suppress Register Optimization Related Messages                  ; Off                 ; Off                 ;
; Number of Removed Registers Reported in Synthesis Report         ; 5000                ; 5000                ;
; Number of Swept Nodes Reported in Synthesis Report               ; 5000                ; 5000                ;
; Number of Inverted Registers Reported in Synthesis Report        ; 100                 ; 100                 ;
; Clock MUX Protection                                             ; On                  ; On                  ;
; Auto Gated Clock Conversion                                      ; Off                 ; Off                 ;
; Block Design Naming                                              ; Auto                ; Auto                ;
; SDC constraint protection                                        ; Off                 ; Off                 ;
; Synthesis Effort                                                 ; Auto                ; Auto                ;
; Shift Register Replacement - Allow Asynchronous Clear Signal     ; On                  ; On                  ;
; Pre-Mapping Resynthesis Optimization                             ; Off                 ; Off                 ;
; Analysis & Synthesis Message Level                               ; Medium              ; Medium              ;
; Disable Register Merging Across Hierarchies                      ; Auto                ; Auto                ;
; Resource Aware Inference For Block RAM                           ; On                  ; On                  ;
+------------------------------------------------------------------+---------------------+---------------------+


+------------------------------------------+
; Parallel Compilation                     ;
+----------------------------+-------------+
; Processors                 ; Number      ;
+----------------------------+-------------+
; Number detected on machine ; 16          ;
; Maximum allowed            ; 16          ;
;                            ;             ;
; Average used               ; 1.00        ;
; Maximum used               ; 16          ;
;                            ;             ;
; Usage by Processor         ; % Time Used ;
;     Processor 1            ; 100.0%      ;
;     Processors 2-16        ;   0.0%      ;
+----------------------------+-------------+


+--------------------------------------------------------------------------------------------------------------------------------------------------------------------------------+
; Analysis & Synthesis Source Files Read                                                                                                                                         ;
+-------------------------------------------------+-----------------+-----------------+--------------------------------------------------------------------------------+---------+
; File Name with User-Entered Path                ; Used in Netlist ; File Type       ; File Name with Absolute Path                                                   ; Library ;
+-------------------------------------------------+-----------------+-----------------+--------------------------------------------------------------------------------+---------+
; oc-i2c-master/rtl/vhdl/i2c_master_top.vhd       ; yes             ; User VHDL File  ; C:/Eng/fpga_projects/workbench/oc-i2c-master/rtl/vhdl/i2c_master_top.vhd       ;         ;
; oc-i2c-master/rtl/vhdl/i2c_master_byte_ctrl.vhd ; yes             ; User VHDL File  ; C:/Eng/fpga_projects/workbench/oc-i2c-master/rtl/vhdl/i2c_master_byte_ctrl.vhd ;         ;
; oc-i2c-master/rtl/vhdl/i2c_master_bit_ctrl.vhd  ; yes             ; User VHDL File  ; C:/Eng/fpga_projects/workbench/oc-i2c-master/rtl/vhdl/i2c_master_bit_ctrl.vhd  ;         ;
; digital_temp_sensor.vhd                         ; yes             ; User VHDL File  ; C:/Eng/fpga_projects/workbench/digital_temp_sensor.vhd                         ;         ;
+-------------------------------------------------+-----------------+-----------------+--------------------------------------------------------------------------------+---------+


+---------------------------------------------------------+
; Analysis & Synthesis Resource Usage Summary             ;
+---------------------------------------------+-----------+
; Resource                                    ; Usage     ;
+---------------------------------------------+-----------+
; Estimated Total logic elements              ; 309       ;
;                                             ;           ;
; Total combinational functions               ; 293       ;
; Logic element usage by number of LUT inputs ;           ;
;     -- 4 input functions                    ; 99        ;
;     -- 3 input functions                    ; 44        ;
;     -- <=2 input functions                  ; 150       ;
;                                             ;           ;
; Logic elements by mode                      ;           ;
;     -- normal mode                          ; 204       ;
;     -- arithmetic mode                      ; 89        ;
;                                             ;           ;
; Total registers                             ; 183       ;
;     -- Dedicated logic registers            ; 183       ;
;     -- I/O registers                        ; 0         ;
;                                             ;           ;
; I/O pins                                    ; 15        ;
;                                             ;           ;
; Embedded Multiplier 9-bit elements          ; 0         ;
;                                             ;           ;
; Maximum fan-out node                        ; clk~input ;
; Maximum fan-out                             ; 183       ;
; Total fan-out                               ; 1452      ;
; Average fan-out                             ; 2.86      ;
+---------------------------------------------+-----------+


+------------------------------------------------------------------------------------------------------------------------------------------------------------------------------------------------------------------------------------------------------------------------------------------------------------------+
; Analysis & Synthesis Resource Utilization by Entity                                                                                                                                                                                                                                                              ;
+-----------------------------------------+---------------------+---------------------------+-------------+--------------+---------+-----------+------+--------------+-------------------------------------------------------------------------------------------------------+----------------------+--------------+
; Compilation Hierarchy Node              ; Combinational ALUTs ; Dedicated Logic Registers ; Memory Bits ; DSP Elements ; DSP 9x9 ; DSP 18x18 ; Pins ; Virtual Pins ; Full Hierarchy Name                                                                                   ; Entity Name          ; Library Name ;
+-----------------------------------------+---------------------+---------------------------+-------------+--------------+---------+-----------+------+--------------+-------------------------------------------------------------------------------------------------------+----------------------+--------------+
; |digital_temp_sensor                    ; 293 (125)           ; 183 (84)                  ; 0           ; 0            ; 0       ; 0         ; 15   ; 0            ; |digital_temp_sensor                                                                                  ; digital_temp_sensor  ; work         ;
;    |i2c_master_top:i2c_core|            ; 168 (0)             ; 99 (0)                    ; 0           ; 0            ; 0       ; 0         ; 0    ; 0            ; |digital_temp_sensor|i2c_master_top:i2c_core                                                          ; i2c_master_top       ; work         ;
;       |i2c_master_byte_ctrl:u_byte|     ; 168 (54)            ; 99 (25)                   ; 0           ; 0            ; 0       ; 0         ; 0    ; 0            ; |digital_temp_sensor|i2c_master_top:i2c_core|i2c_master_byte_ctrl:u_byte                              ; i2c_master_byte_ctrl ; work         ;
;          |i2c_master_bit_ctrl:bit_ctrl| ; 114 (114)           ; 74 (74)                   ; 0           ; 0            ; 0       ; 0         ; 0    ; 0            ; |digital_temp_sensor|i2c_master_top:i2c_core|i2c_master_byte_ctrl:u_byte|i2c_master_bit_ctrl:bit_ctrl ; i2c_master_bit_ctrl  ; work         ;
+-----------------------------------------+---------------------+---------------------------+-------------+--------------+---------+-----------+------+--------------+-------------------------------------------------------------------------------------------------------+----------------------+--------------+
Note: For table entries with two numbers listed, the numbers in parentheses indicate the number of resources of the given type used by the specific entity alone. The numbers listed outside of parentheses indicate the total resources of the given type used by the specific entity and all of its sub-entities in the hierarchy.


Encoding Type:  One-Hot
+--------------------------------------------------------------------------------------------------------------------------+
; State Machine - |digital_temp_sensor|state                                                                               ;
+------------------+------------------+----------------+-----------------+------------------+-----------------+------------+
; Name             ; state.WAIT_STATE ; state.STOP_BIT ; state.DATA_READ ; state.ADDR_WRITE ; state.START_BIT ; state.IDLE ;
+------------------+------------------+----------------+-----------------+------------------+-----------------+------------+
; state.IDLE       ; 0                ; 0              ; 0               ; 0                ; 0               ; 0          ;
; state.START_BIT  ; 0                ; 0              ; 0               ; 0                ; 1               ; 1          ;
; state.ADDR_WRITE ; 0                ; 0              ; 0               ; 1                ; 0               ; 1          ;
; state.DATA_READ  ; 0                ; 0              ; 1               ; 0                ; 0               ; 1          ;
; state.STOP_BIT   ; 0                ; 1              ; 0               ; 0                ; 0               ; 1          ;
; state.WAIT_STATE ; 1                ; 0              ; 0               ; 0                ; 0               ; 1          ;
+------------------+------------------+----------------+-----------------+------------------+-----------------+------------+


Encoding Type:  One-Hot
+---------------------------------------------------------------------------------------------------------------------------------------------------------------------------------------------------------------------------------+
; State Machine - |digital_temp_sensor|i2c_master_top:i2c_core|i2c_master_byte_ctrl:u_byte|\statemachine:c_state                                                                                                                  ;
+--------------------------------+-------------------------------+------------------------------+--------------------------------+-------------------------------+--------------------------------+-------------------------------+
; Name                           ; \statemachine:c_state.st_stop ; \statemachine:c_state.st_ack ; \statemachine:c_state.st_write ; \statemachine:c_state.st_read ; \statemachine:c_state.st_start ; \statemachine:c_state.st_idle ;
+--------------------------------+-------------------------------+------------------------------+--------------------------------+-------------------------------+--------------------------------+-------------------------------+
; \statemachine:c_state.st_idle  ; 0                             ; 0                            ; 0                              ; 0                             ; 0                              ; 0                             ;
; \statemachine:c_state.st_start ; 0                             ; 0                            ; 0                              ; 0                             ; 1                              ; 1                             ;
; \statemachine:c_state.st_read  ; 0                             ; 0                            ; 0                              ; 1                             ; 0                              ; 1                             ;
; \statemachine:c_state.st_write ; 0                             ; 0                            ; 1                              ; 0                             ; 0                              ; 1                             ;
; \statemachine:c_state.st_ack   ; 0                             ; 1                            ; 0                              ; 0                             ; 0                              ; 1                             ;
; \statemachine:c_state.st_stop  ; 1                             ; 0                            ; 0                              ; 0                             ; 0                              ; 1                             ;
+--------------------------------+-------------------------------+------------------------------+--------------------------------+-------------------------------+--------------------------------+-------------------------------+


Encoding Type:  One-Hot
+----------------------------------------------------------------------------------------------------------------------------------------------------------------------------------------------------------------------------------------------------------------------------------------------------------------------+
; State Machine - |digital_temp_sensor|i2c_master_top:i2c_core|i2c_master_byte_ctrl:u_byte|i2c_master_bit_ctrl:bit_ctrl|c_state                                                                                                                                                                                        ;
+-----------------+--------------+--------------+--------------+--------------+--------------+--------------+--------------+--------------+----------------+----------------+----------------+----------------+-----------------+-----------------+-----------------+-----------------+-----------------+--------------+
; Name            ; c_state.wr_d ; c_state.wr_c ; c_state.wr_b ; c_state.wr_a ; c_state.rd_d ; c_state.rd_c ; c_state.rd_b ; c_state.rd_a ; c_state.stop_d ; c_state.stop_c ; c_state.stop_b ; c_state.stop_a ; c_state.start_e ; c_state.start_d ; c_state.start_c ; c_state.start_b ; c_state.start_a ; c_state.idle ;
+-----------------+--------------+--------------+--------------+--------------+--------------+--------------+--------------+--------------+----------------+----------------+----------------+----------------+-----------------+-----------------+-----------------+-----------------+-----------------+--------------+
; c_state.idle    ; 0            ; 0            ; 0            ; 0            ; 0            ; 0            ; 0            ; 0            ; 0              ; 0              ; 0              ; 0              ; 0               ; 0               ; 0               ; 0               ; 0               ; 0            ;
; c_state.start_a ; 0            ; 0            ; 0            ; 0            ; 0            ; 0            ; 0            ; 0            ; 0              ; 0              ; 0              ; 0              ; 0               ; 0               ; 0               ; 0               ; 1               ; 1            ;
; c_state.start_b ; 0            ; 0            ; 0            ; 0            ; 0            ; 0            ; 0            ; 0            ; 0              ; 0              ; 0              ; 0              ; 0               ; 0               ; 0               ; 1               ; 0               ; 1            ;
; c_state.start_c ; 0            ; 0            ; 0            ; 0            ; 0            ; 0            ; 0            ; 0            ; 0              ; 0              ; 0              ; 0              ; 0               ; 0               ; 1               ; 0               ; 0               ; 1            ;
; c_state.start_d ; 0            ; 0            ; 0            ; 0            ; 0            ; 0            ; 0            ; 0            ; 0              ; 0              ; 0              ; 0              ; 0               ; 1               ; 0               ; 0               ; 0               ; 1            ;
; c_state.start_e ; 0            ; 0            ; 0            ; 0            ; 0            ; 0            ; 0            ; 0            ; 0              ; 0              ; 0              ; 0              ; 1               ; 0               ; 0               ; 0               ; 0               ; 1            ;
; c_state.stop_a  ; 0            ; 0            ; 0            ; 0            ; 0            ; 0            ; 0            ; 0            ; 0              ; 0              ; 0              ; 1              ; 0               ; 0               ; 0               ; 0               ; 0               ; 1            ;
; c_state.stop_b  ; 0            ; 0            ; 0            ; 0            ; 0            ; 0            ; 0            ; 0            ; 0              ; 0              ; 1              ; 0              ; 0               ; 0               ; 0               ; 0               ; 0               ; 1            ;
; c_state.stop_c  ; 0            ; 0            ; 0            ; 0            ; 0            ; 0            ; 0            ; 0            ; 0              ; 1              ; 0              ; 0              ; 0               ; 0               ; 0               ; 0               ; 0               ; 1            ;
; c_state.stop_d  ; 0            ; 0            ; 0            ; 0            ; 0            ; 0            ; 0            ; 0            ; 1              ; 0              ; 0              ; 0              ; 0               ; 0               ; 0               ; 0               ; 0               ; 1            ;
; c_state.rd_a    ; 0            ; 0            ; 0            ; 0            ; 0            ; 0            ; 0            ; 1            ; 0              ; 0              ; 0              ; 0              ; 0               ; 0               ; 0               ; 0               ; 0               ; 1            ;
; c_state.rd_b    ; 0            ; 0            ; 0            ; 0            ; 0            ; 0            ; 1            ; 0            ; 0              ; 0              ; 0              ; 0              ; 0               ; 0               ; 0               ; 0               ; 0               ; 1            ;
; c_state.rd_c    ; 0            ; 0            ; 0            ; 0            ; 0            ; 1            ; 0            ; 0            ; 0              ; 0              ; 0              ; 0              ; 0               ; 0               ; 0               ; 0               ; 0               ; 1            ;
; c_state.rd_d    ; 0            ; 0            ; 0            ; 0            ; 1            ; 0            ; 0            ; 0            ; 0              ; 0              ; 0              ; 0              ; 0               ; 0               ; 0               ; 0               ; 0               ; 1            ;
; c_state.wr_a    ; 0            ; 0            ; 0            ; 1            ; 0            ; 0            ; 0            ; 0            ; 0              ; 0              ; 0              ; 0              ; 0               ; 0               ; 0               ; 0               ; 0               ; 1            ;
; c_state.wr_b    ; 0            ; 0            ; 1            ; 0            ; 0            ; 0            ; 0            ; 0            ; 0              ; 0              ; 0              ; 0              ; 0               ; 0               ; 0               ; 0               ; 0               ; 1            ;
; c_state.wr_c    ; 0            ; 1            ; 0            ; 0            ; 0            ; 0            ; 0            ; 0            ; 0              ; 0              ; 0              ; 0              ; 0               ; 0               ; 0               ; 0               ; 0               ; 1            ;
; c_state.wr_d    ; 1            ; 0            ; 0            ; 0            ; 0            ; 0            ; 0            ; 0            ; 0              ; 0              ; 0              ; 0              ; 0               ; 0               ; 0               ; 0               ; 0               ; 1            ;
+-----------------+--------------+--------------+--------------+--------------+--------------+--------------+--------------+--------------+----------------+----------------+----------------+----------------+-----------------+-----------------+-----------------+-----------------+-----------------+--------------+


+------------------------------------------------------------------------------------------------------------------------------------------------------------------------------------------------------+
; Registers Removed During Synthesis                                                                                                                                                                   ;
+------------------------------------------------------------------------------------------+-----------------------------------------------------------------------------------------------------------+
; Register name                                                                            ; Reason for Removal                                                                                        ;
+------------------------------------------------------------------------------------------+-----------------------------------------------------------------------------------------------------------+
; i2c_ack_in                                                                               ; Stuck at GND due to stuck port data_in                                                                    ;
; i2c_din[1..3,5,6]                                                                        ; Stuck at GND due to stuck port data_in                                                                    ;
; i2c_din[0]                                                                               ; Merged with i2c_din[4]                                                                                    ;
; i2c_din[4]                                                                               ; Merged with i2c_din[7]                                                                                    ;
; i2c_master_top:i2c_core|i2c_master_byte_ctrl:u_byte|i2c_master_bit_ctrl:bit_ctrl|sda_chk ; Merged with i2c_master_top:i2c_core|i2c_master_byte_ctrl:u_byte|i2c_master_bit_ctrl:bit_ctrl|c_state.wr_d ;
; Total Number of Removed Registers = 9                                                    ;                                                                                                           ;
+------------------------------------------------------------------------------------------+-----------------------------------------------------------------------------------------------------------+


+------------------------------------------------------+
; General Register Statistics                          ;
+----------------------------------------------+-------+
; Statistic                                    ; Value ;
+----------------------------------------------+-------+
; Total registers                              ; 183   ;
; Number of registers using Synchronous Clear  ; 8     ;
; Number of registers using Synchronous Load   ; 16    ;
; Number of registers using Asynchronous Clear ; 84    ;
; Number of registers using Asynchronous Load  ; 0     ;
; Number of registers using Clock Enable       ; 114   ;
; Number of registers using Preset             ; 0     ;
+----------------------------------------------+-------+


+--------------------------------------------------+
; Inverted Register Statistics                     ;
+----------------------------------------+---------+
; Inverted Register                      ; Fan out ;
+----------------------------------------+---------+
; internal_reset                         ; 63      ;
; Total number of inverted registers = 1 ;         ;
+----------------------------------------+---------+


+-----------------------------------------------------------------------------------------------------------------------------------------------------------------------------------------------------------------------------------------------------+
; Multiplexer Restructuring Statistics (Restructuring Performed)                                                                                                                                                                                      ;
+--------------------+-----------+---------------+----------------------+------------------------+------------+---------------------------------------------------------------------------------------------------------------------------------------+
; Multiplexer Inputs ; Bus Width ; Baseline Area ; Area if Restructured ; Saving if Restructured ; Registered ; Example Multiplexer Output                                                                                                            ;
+--------------------+-----------+---------------+----------------------+------------------------+------------+---------------------------------------------------------------------------------------------------------------------------------------+
; 3:1                ; 16 bits   ; 32 LEs        ; 16 LEs               ; 16 LEs                 ; Yes        ; |digital_temp_sensor|i2c_master_top:i2c_core|i2c_master_byte_ctrl:u_byte|i2c_master_bit_ctrl:bit_ctrl|cnt[15]                         ;
; 3:1                ; 6 bits    ; 12 LEs        ; 6 LEs                ; 6 LEs                  ; Yes        ; |digital_temp_sensor|i2c_master_top:i2c_core|i2c_master_byte_ctrl:u_byte|i2c_master_bit_ctrl:bit_ctrl|\bus_status_ctrl:fSDA[0]        ;
; 3:1                ; 14 bits   ; 28 LEs        ; 28 LEs               ; 0 LEs                  ; Yes        ; |digital_temp_sensor|i2c_master_top:i2c_core|i2c_master_byte_ctrl:u_byte|i2c_master_bit_ctrl:bit_ctrl|\bus_status_ctrl:filter_cnt[13] ;
; 4:1                ; 8 bits    ; 16 LEs        ; 16 LEs               ; 0 LEs                  ; Yes        ; |digital_temp_sensor|i2c_master_top:i2c_core|i2c_master_byte_ctrl:u_byte|sr[1]                                                        ;
; 4:1                ; 3 bits    ; 6 LEs         ; 6 LEs                ; 0 LEs                  ; Yes        ; |digital_temp_sensor|i2c_master_top:i2c_core|i2c_master_byte_ctrl:u_byte|sr[0]                                                        ;
; 11:1               ; 2 bits    ; 14 LEs        ; 6 LEs                ; 8 LEs                  ; Yes        ; |digital_temp_sensor|i2c_master_top:i2c_core|i2c_master_byte_ctrl:u_byte|core_cmd[2]                                                  ;
; 3:1                ; 2 bits    ; 4 LEs         ; 2 LEs                ; 2 LEs                  ; No         ; |digital_temp_sensor|i2c_master_top:i2c_core|i2c_master_byte_ctrl:u_byte|core_cmd                                                     ;
; 3:1                ; 14 bits   ; 28 LEs        ; 28 LEs               ; 0 LEs                  ; No         ; |digital_temp_sensor|i2c_master_top:i2c_core|i2c_master_byte_ctrl:u_byte|i2c_master_bit_ctrl:bit_ctrl|c_state                         ;
; 4:1                ; 4 bits    ; 8 LEs         ; 8 LEs                ; 0 LEs                  ; No         ; |digital_temp_sensor|i2c_master_top:i2c_core|i2c_master_byte_ctrl:u_byte|i2c_master_bit_ctrl:bit_ctrl|c_state                         ;
; 5:1                ; 2 bits    ; 6 LEs         ; 4 LEs                ; 2 LEs                  ; No         ; |digital_temp_sensor|Selector37                                                                                                       ;
+--------------------+-----------+---------------+----------------------+------------------------+------------+---------------------------------------------------------------------------------------------------------------------------------------+


+-------------------------------------------------------------------------------------------------------------------+
; Port Connectivity Checks: "i2c_master_top:i2c_core|i2c_master_byte_ctrl:u_byte"                                   ;
+---------+--------+----------+-------------------------------------------------------------------------------------+
; Port    ; Type   ; Severity ; Details                                                                             ;
+---------+--------+----------+-------------------------------------------------------------------------------------+
; nreset  ; Input  ; Info     ; Stuck at VCC                                                                        ;
; ena     ; Input  ; Info     ; Stuck at VCC                                                                        ;
; cmd_ack ; Output ; Info     ; Connected to dangling logic. Logic that only feeds a dangling port will be removed. ;
; i2c_al  ; Output ; Info     ; Connected to dangling logic. Logic that only feeds a dangling port will be removed. ;
+---------+--------+----------+-------------------------------------------------------------------------------------+


+--------------------------------------------------------------------------------------------------------------------------+
; Port Connectivity Checks: "i2c_master_top:i2c_core"                                                                      ;
+----------------+--------+----------+-------------------------------------------------------------------------------------+
; Port           ; Type   ; Severity ; Details                                                                             ;
+----------------+--------+----------+-------------------------------------------------------------------------------------+
; ack_out        ; Output ; Info     ; Connected to dangling logic. Logic that only feeds a dangling port will be removed. ;
; clk_cnt[6..2]  ; Input  ; Info     ; Stuck at VCC                                                                        ;
; clk_cnt[15..7] ; Input  ; Info     ; Stuck at GND                                                                        ;
; clk_cnt[1]     ; Input  ; Info     ; Stuck at GND                                                                        ;
; clk_cnt[0]     ; Input  ; Info     ; Stuck at VCC                                                                        ;
; scl_o          ; Output ; Info     ; Connected to dangling logic. Logic that only feeds a dangling port will be removed. ;
; sda_o          ; Output ; Info     ; Connected to dangling logic. Logic that only feeds a dangling port will be removed. ;
+----------------+--------+----------+-------------------------------------------------------------------------------------+


+-----------------------------------------------------+
; Post-Synthesis Netlist Statistics for Top Partition ;
+-----------------------+-----------------------------+
; Type                  ; Count                       ;
+-----------------------+-----------------------------+
; boundary_port         ; 15                          ;
; cycloneiii_ff         ; 183                         ;
;     CLR               ; 9                           ;
;     ENA               ; 36                          ;
;     ENA CLR           ; 75                          ;
;     ENA SCLR          ; 3                           ;
;     SCLR              ; 5                           ;
;     SLD               ; 16                          ;
;     plain             ; 39                          ;
; cycloneiii_io_obuf    ; 2                           ;
; cycloneiii_lcell_comb ; 294                         ;
;     arith             ; 89                          ;
;         2 data inputs ; 88                          ;
;         3 data inputs ; 1                           ;
;     normal            ; 205                         ;
;         0 data inputs ; 1                           ;
;         1 data inputs ; 7                           ;
;         2 data inputs ; 55                          ;
;         3 data inputs ; 43                          ;
;         4 data inputs ; 99                          ;
;                       ;                             ;
; Max LUT depth         ; 5.10                        ;
; Average LUT depth     ; 2.86                        ;
+-----------------------+-----------------------------+


+-------------------------------+
; Elapsed Time Per Partition    ;
+----------------+--------------+
; Partition Name ; Elapsed Time ;
+----------------+--------------+
; Top            ; 00:00:00     ;
+----------------+--------------+


+-------------------------------+
; Analysis & Synthesis Messages ;
+-------------------------------+
Info: *******************************************************************
Info: Running Quartus Prime Analysis & Synthesis
    Info: Version 20.1.0 Build 711 06/05/2020 SJ Lite Edition
    Info: Processing started: Mon Jun 08 20:14:25 2026
Info: Command: quartus_map --read_settings_files=on --write_settings_files=off digital_temp_sensor -c digital_temp_sensor
Warning (18236): Number of processors has not been specified which may cause overloading on shared machines.  Set the global assignment NUM_PARALLEL_PROCESSORS in your QSF to an appropriate value for best performance.
Info (20030): Parallel compilation is enabled and will use 16 of the 16 processors detected
Info (12021): Found 2 design units, including 1 entities, in source file oc-i2c-master/rtl/vhdl/i2c_master_top.vhd
    Info (12022): Found design unit 1: i2c_master_top-rtl File: C:/Eng/fpga_projects/workbench/oc-i2c-master/rtl/vhdl/i2c_master_top.vhd Line: 36
    Info (12023): Found entity 1: i2c_master_top File: C:/Eng/fpga_projects/workbench/oc-i2c-master/rtl/vhdl/i2c_master_top.vhd Line: 5
Info (12021): Found 2 design units, including 1 entities, in source file oc-i2c-master/rtl/vhdl/i2c_master_byte_ctrl.vhd
    Info (12022): Found design unit 1: i2c_master_byte_ctrl-structural File: C:/Eng/fpga_projects/workbench/oc-i2c-master/rtl/vhdl/i2c_master_byte_ctrl.vhd Line: 112
    Info (12023): Found entity 1: i2c_master_byte_ctrl File: C:/Eng/fpga_projects/workbench/oc-i2c-master/rtl/vhdl/i2c_master_byte_ctrl.vhd Line: 78
Info (12021): Found 2 design units, including 1 entities, in source file oc-i2c-master/rtl/vhdl/i2c_master_bit_ctrl.vhd
    Info (12022): Found design unit 1: i2c_master_bit_ctrl-structural File: C:/Eng/fpga_projects/workbench/oc-i2c-master/rtl/vhdl/i2c_master_bit_ctrl.vhd Line: 174
    Info (12023): Found entity 1: i2c_master_bit_ctrl File: C:/Eng/fpga_projects/workbench/oc-i2c-master/rtl/vhdl/i2c_master_bit_ctrl.vhd Line: 147
Info (12021): Found 2 design units, including 1 entities, in source file digital_temp_sensor.vhd
    Info (12022): Found design unit 1: digital_temp_sensor-rtl File: C:/Eng/fpga_projects/workbench/digital_temp_sensor.vhd Line: 20
    Info (12023): Found entity 1: digital_temp_sensor File: C:/Eng/fpga_projects/workbench/digital_temp_sensor.vhd Line: 5
Info (12127): Elaborating entity "digital_temp_sensor" for the top level hierarchy
Warning (10036): Verilog HDL or VHDL warning at digital_temp_sensor.vhd(22): object "i2c_scl_o" assigned a value but never read File: C:/Eng/fpga_projects/workbench/digital_temp_sensor.vhd Line: 22
Warning (10036): Verilog HDL or VHDL warning at digital_temp_sensor.vhd(25): object "i2c_sda_o" assigned a value but never read File: C:/Eng/fpga_projects/workbench/digital_temp_sensor.vhd Line: 25
Warning (10036): Verilog HDL or VHDL warning at digital_temp_sensor.vhd(37): object "i2c_ack_out" assigned a value but never read File: C:/Eng/fpga_projects/workbench/digital_temp_sensor.vhd Line: 37
Info (12128): Elaborating entity "i2c_master_top" for hierarchy "i2c_master_top:i2c_core" File: C:/Eng/fpga_projects/workbench/digital_temp_sensor.vhd Line: 51
Warning (10036): Verilog HDL or VHDL warning at i2c_master_top.vhd(65): object "cmd_ack_s" assigned a value but never read File: C:/Eng/fpga_projects/workbench/oc-i2c-master/rtl/vhdl/i2c_master_top.vhd Line: 65
Info (12128): Elaborating entity "i2c_master_byte_ctrl" for hierarchy "i2c_master_top:i2c_core|i2c_master_byte_ctrl:u_byte" File: C:/Eng/fpga_projects/workbench/oc-i2c-master/rtl/vhdl/i2c_master_top.vhd Line: 76
Info (12128): Elaborating entity "i2c_master_bit_ctrl" for hierarchy "i2c_master_top:i2c_core|i2c_master_byte_ctrl:u_byte|i2c_master_bit_ctrl:bit_ctrl" File: C:/Eng/fpga_projects/workbench/oc-i2c-master/rtl/vhdl/i2c_master_byte_ctrl.vhd Line: 163
Info (13000): Registers with preset signals will power-up high File: C:/Eng/fpga_projects/workbench/digital_temp_sensor.vhd Line: 47
Info (13003): DEV_CLRn pin will set, and not reset, register with preset signal due to NOT Gate Push-Back
Info (286030): Timing-Driven Synthesis is running
Warning (14632): Output pin "scl_o" driven by bidirectional pin "scl" cannot be tri-stated File: C:/Eng/fpga_projects/workbench/digital_temp_sensor.vhd Line: 14
Warning (14632): Output pin "sda_o" driven by bidirectional pin "sda" cannot be tri-stated File: C:/Eng/fpga_projects/workbench/digital_temp_sensor.vhd Line: 15
Critical Warning (18061): Ignored Power-Up Level option on the following registers
    Critical Warning (18010): Register reset_counter[31] will power up to Low File: C:/Eng/fpga_projects/workbench/digital_temp_sensor.vhd Line: 96
    Critical Warning (18010): Register reset_counter[0] will power up to Low File: C:/Eng/fpga_projects/workbench/digital_temp_sensor.vhd Line: 96
    Critical Warning (18010): Register counter[31] will power up to Low File: C:/Eng/fpga_projects/workbench/digital_temp_sensor.vhd Line: 96
    Critical Warning (18010): Register counter[0] will power up to Low File: C:/Eng/fpga_projects/workbench/digital_temp_sensor.vhd Line: 96
Info (16010): Generating hard_block partition "hard_block:auto_generated_inst"
    Info (16011): Adding 0 node(s), including 0 DDIO, 0 PLL, 0 transceiver and 0 LCELL
Info (21057): Implemented 325 device resources after synthesis - the final resource count might be different
    Info (21058): Implemented 2 input pins
    Info (21059): Implemented 11 output pins
    Info (21060): Implemented 2 bidirectional pins
    Info (21061): Implemented 310 logic cells
Info: Quartus Prime Analysis & Synthesis was successful. 0 errors, 12 warnings
    Info: Peak virtual memory: 4868 megabytes
    Info: Processing ended: Mon Jun 08 20:14:31 2026
    Info: Elapsed time: 00:00:06
    Info: Total CPU time (on all processors): 00:00:13


