Analysis & Synthesis report for read_temp
Tue Jun 09 23:18:23 2026
Quartus Prime Version 20.1.0 Build 711 06/05/2020 SJ Lite Edition


---------------------
; Table of Contents ;
---------------------
  1. Legal Notice
  2. Analysis & Synthesis Summary
  3. Analysis & Synthesis Settings
  4. Parallel Compilation
  5. Analysis & Synthesis Source Files Read
  6. Analysis & Synthesis Resource Usage Summary
  7. Analysis & Synthesis Resource Utilization by Entity
  8. State Machine - |read_temp|state
  9. State Machine - |read_temp|i2c_controller:i2c_core|state
 10. Registers Removed During Synthesis
 11. Removed Registers Triggering Further Register Optimizations
 12. General Register Statistics
 13. Port Connectivity Checks: "i2c_controller:i2c_core"
 14. Post-Synthesis Netlist Statistics for Top Partition
 15. Elapsed Time Per Partition
 16. Analysis & Synthesis Messages



----------------
; Legal Notice ;
----------------
Copyright (C) 2020  Intel Corporation. All rights reserved.
Your use of Intel Corporation's design tools, logic functions 
and other software and tools, and any partner logic 
functions, and any output files from any of the foregoing 
(including device programming or simulation files), and any 
associated documentation or information are expressly subject 
to the terms and conditions of the Intel Program License 
Subscription Agreement, the Intel Quartus Prime License Agreement,
the Intel FPGA IP License Agreement, or other applicable license
agreement, including, without limitation, that your use is for
the sole purpose of programming logic devices manufactured by
Intel and sold by Intel or its authorized distributors.  Please
refer to the applicable agreement for further details, at
https://fpgasoftware.intel.com/eula.



+----------------------------------------------------------------------------------+
; Analysis & Synthesis Summary                                                     ;
+------------------------------------+---------------------------------------------+
; Analysis & Synthesis Status        ; Successful - Tue Jun 09 23:18:22 2026       ;
; Quartus Prime Version              ; 20.1.0 Build 711 06/05/2020 SJ Lite Edition ;
; Revision Name                      ; read_temp                                   ;
; Top-level Entity Name              ; read_temp                                   ;
; Family                             ; Cyclone IV E                                ;
; Total logic elements               ; 0                                           ;
;     Total combinational functions  ; 0                                           ;
;     Dedicated logic registers      ; 0                                           ;
; Total registers                    ; 0                                           ;
; Total pins                         ; 4                                           ;
; Total virtual pins                 ; 0                                           ;
; Total memory bits                  ; 0                                           ;
; Embedded Multiplier 9-bit elements ; 0                                           ;
; Total PLLs                         ; 0                                           ;
+------------------------------------+---------------------------------------------+


+------------------------------------------------------------------------------------------------------------+
; Analysis & Synthesis Settings                                                                              ;
+------------------------------------------------------------------+--------------------+--------------------+
; Option                                                           ; Setting            ; Default Value      ;
+------------------------------------------------------------------+--------------------+--------------------+
; Device                                                           ; EP4CE6E22C8        ;                    ;
; Top-level entity name                                            ; read_temp          ; read_temp          ;
; Family name                                                      ; Cyclone IV E       ; Cyclone V          ;
; Use smart compilation                                            ; Off                ; Off                ;
; Enable parallel Assembler and Timing Analyzer during compilation ; On                 ; On                 ;
; Enable compact report table                                      ; Off                ; Off                ;
; Restructure Multiplexers                                         ; Auto               ; Auto               ;
; Create Debugging Nodes for IP Cores                              ; Off                ; Off                ;
; Preserve fewer node names                                        ; On                 ; On                 ;
; Intel FPGA IP Evaluation Mode                                    ; Enable             ; Enable             ;
; Verilog Version                                                  ; Verilog_2001       ; Verilog_2001       ;
; VHDL Version                                                     ; VHDL_1993          ; VHDL_1993          ;
; State Machine Processing                                         ; Auto               ; Auto               ;
; Safe State Machine                                               ; Off                ; Off                ;
; Extract Verilog State Machines                                   ; On                 ; On                 ;
; Extract VHDL State Machines                                      ; On                 ; On                 ;
; Ignore Verilog initial constructs                                ; Off                ; Off                ;
; Iteration limit for constant Verilog loops                       ; 5000               ; 5000               ;
; Iteration limit for non-constant Verilog loops                   ; 250                ; 250                ;
; Add Pass-Through Logic to Inferred RAMs                          ; On                 ; On                 ;
; Infer RAMs from Raw Logic                                        ; On                 ; On                 ;
; Parallel Synthesis                                               ; On                 ; On                 ;
; DSP Block Balancing                                              ; Auto               ; Auto               ;
; NOT Gate Push-Back                                               ; On                 ; On                 ;
; Power-Up Don't Care                                              ; On                 ; On                 ;
; Remove Redundant Logic Cells                                     ; Off                ; Off                ;
; Remove Duplicate Registers                                       ; On                 ; On                 ;
; Ignore CARRY Buffers                                             ; Off                ; Off                ;
; Ignore CASCADE Buffers                                           ; Off                ; Off                ;
; Ignore GLOBAL Buffers                                            ; Off                ; Off                ;
; Ignore ROW GLOBAL Buffers                                        ; Off                ; Off                ;
; Ignore LCELL Buffers                                             ; Off                ; Off                ;
; Ignore SOFT Buffers                                              ; On                 ; On                 ;
; Limit AHDL Integers to 32 Bits                                   ; Off                ; Off                ;
; Optimization Technique                                           ; Balanced           ; Balanced           ;
; Carry Chain Length                                               ; 70                 ; 70                 ;
; Auto Carry Chains                                                ; On                 ; On                 ;
; Auto Open-Drain Pins                                             ; On                 ; On                 ;
; Perform WYSIWYG Primitive Resynthesis                            ; Off                ; Off                ;
; Auto ROM Replacement                                             ; On                 ; On                 ;
; Auto RAM Replacement                                             ; On                 ; On                 ;
; Auto DSP Block Replacement                                       ; On                 ; On                 ;
; Auto Shift Register Replacement                                  ; Auto               ; Auto               ;
; Allow Shift Register Merging across Hierarchies                  ; Auto               ; Auto               ;
; Auto Clock Enable Replacement                                    ; On                 ; On                 ;
; Strict RAM Replacement                                           ; Off                ; Off                ;
; Allow Synchronous Control Signals                                ; On                 ; On                 ;
; Force Use of Synchronous Clear Signals                           ; Off                ; Off                ;
; Auto RAM Block Balancing                                         ; On                 ; On                 ;
; Auto RAM to Logic Cell Conversion                                ; Off                ; Off                ;
; Auto Resource Sharing                                            ; Off                ; Off                ;
; Allow Any RAM Size For Recognition                               ; Off                ; Off                ;
; Allow Any ROM Size For Recognition                               ; Off                ; Off                ;
; Allow Any Shift Register Size For Recognition                    ; Off                ; Off                ;
; Use LogicLock Constraints during Resource Balancing              ; On                 ; On                 ;
; Ignore translate_off and synthesis_off directives                ; Off                ; Off                ;
; Timing-Driven Synthesis                                          ; On                 ; On                 ;
; Report Parameter Settings                                        ; On                 ; On                 ;
; Report Source Assignments                                        ; On                 ; On                 ;
; Report Connectivity Checks                                       ; On                 ; On                 ;
; Ignore Maximum Fan-Out Assignments                               ; Off                ; Off                ;
; Synchronization Register Chain Length                            ; 2                  ; 2                  ;
; Power Optimization During Synthesis                              ; Normal compilation ; Normal compilation ;
; HDL message level                                                ; Level2             ; Level2             ;
; Suppress Register Optimization Related Messages                  ; Off                ; Off                ;
; Number of Removed Registers Reported in Synthesis Report         ; 5000               ; 5000               ;
; Number of Swept Nodes Reported in Synthesis Report               ; 5000               ; 5000               ;
; Number of Inverted Registers Reported in Synthesis Report        ; 100                ; 100                ;
; Clock MUX Protection                                             ; On                 ; On                 ;
; Auto Gated Clock Conversion                                      ; Off                ; Off                ;
; Block Design Naming                                              ; Auto               ; Auto               ;
; SDC constraint protection                                        ; Off                ; Off                ;
; Synthesis Effort                                                 ; Auto               ; Auto               ;
; Shift Register Replacement - Allow Asynchronous Clear Signal     ; On                 ; On                 ;
; Pre-Mapping Resynthesis Optimization                             ; Off                ; Off                ;
; Analysis & Synthesis Message Level                               ; Medium             ; Medium             ;
; Disable Register Merging Across Hierarchies                      ; Auto               ; Auto               ;
; Resource Aware Inference For Block RAM                           ; On                 ; On                 ;
+------------------------------------------------------------------+--------------------+--------------------+


+------------------------------------------+
; Parallel Compilation                     ;
+----------------------------+-------------+
; Processors                 ; Number      ;
+----------------------------+-------------+
; Number detected on machine ; 16          ;
; Maximum allowed            ; 16          ;
;                            ;             ;
; Average used               ; 1.00        ;
; Maximum used               ; 1           ;
;                            ;             ;
; Usage by Processor         ; % Time Used ;
;     Processor 1            ; 100.0%      ;
+----------------------------+-------------+


+-----------------------------------------------------------------------------------------------------------------------------------------------------+
; Analysis & Synthesis Source Files Read                                                                                                              ;
+----------------------------------+-----------------+-----------------+--------------------------------------------------------------------+---------+
; File Name with User-Entered Path ; Used in Netlist ; File Type       ; File Name with Absolute Path                                       ; Library ;
+----------------------------------+-----------------+-----------------+--------------------------------------------------------------------+---------+
; read_temp.vhd                    ; yes             ; User VHDL File  ; C:/Eng/fpga_projects/workbench/read_temp_i2c_v2/read_temp.vhd      ;         ;
; i2c_controller.vhd               ; yes             ; User VHDL File  ; C:/Eng/fpga_projects/workbench/read_temp_i2c_v2/i2c_controller.vhd ;         ;
+----------------------------------+-----------------+-----------------+--------------------------------------------------------------------+---------+


+--------------------------------------------------------------+
; Analysis & Synthesis Resource Usage Summary                  ;
+---------------------------------------------+----------------+
; Resource                                    ; Usage          ;
+---------------------------------------------+----------------+
;                                             ;                ;
; Total combinational functions               ; 0              ;
; Logic element usage by number of LUT inputs ;                ;
;     -- 4 input functions                    ; 0              ;
;     -- 3 input functions                    ; 0              ;
;     -- <=2 input functions                  ; 0              ;
;                                             ;                ;
; Logic elements by mode                      ;                ;
;     -- normal mode                          ; 0              ;
;     -- arithmetic mode                      ; 0              ;
;                                             ;                ;
; Total registers                             ; 0              ;
;     -- Dedicated logic registers            ; 0              ;
;     -- I/O registers                        ; 0              ;
;                                             ;                ;
; I/O pins                                    ; 4              ;
;                                             ;                ;
; Embedded Multiplier 9-bit elements          ; 0              ;
;                                             ;                ;
; Maximum fan-out node                        ; i2c_scl~output ;
; Maximum fan-out                             ; 1              ;
; Total fan-out                               ; 6              ;
; Average fan-out                             ; 0.60           ;
+---------------------------------------------+----------------+


+----------------------------------------------------------------------------------------------------------------------------------------------------------------------------------------------------------+
; Analysis & Synthesis Resource Utilization by Entity                                                                                                                                                      ;
+----------------------------+---------------------+---------------------------+-------------+--------------+---------+-----------+------+--------------+---------------------+-------------+--------------+
; Compilation Hierarchy Node ; Combinational ALUTs ; Dedicated Logic Registers ; Memory Bits ; DSP Elements ; DSP 9x9 ; DSP 18x18 ; Pins ; Virtual Pins ; Full Hierarchy Name ; Entity Name ; Library Name ;
+----------------------------+---------------------+---------------------------+-------------+--------------+---------+-----------+------+--------------+---------------------+-------------+--------------+
; |read_temp                 ; 0 (0)               ; 0 (0)                     ; 0           ; 0            ; 0       ; 0         ; 4    ; 0            ; |read_temp          ; read_temp   ; work         ;
+----------------------------+---------------------+---------------------------+-------------+--------------+---------+-----------+------+--------------+---------------------+-------------+--------------+
Note: For table entries with two numbers listed, the numbers in parentheses indicate the number of resources of the given type used by the specific entity alone. The numbers listed outside of parentheses indicate the total resources of the given type used by the specific entity and all of its sub-entities in the hierarchy.


Encoding Type:  One-Hot
+--------------------------------------------------------------------------------------------------------------------------+
; State Machine - |read_temp|state                                                                                         ;
+------------------+------------------+----------------+-----------------+------------------+-----------------+------------+
; Name             ; state.WAIT_STATE ; state.STOP_BIT ; state.DATA_READ ; state.ADDR_WRITE ; state.START_BIT ; state.IDLE ;
+------------------+------------------+----------------+-----------------+------------------+-----------------+------------+
; state.IDLE       ; 0                ; 0              ; 0               ; 0                ; 0               ; 0          ;
; state.START_BIT  ; 0                ; 0              ; 0               ; 0                ; 1               ; 1          ;
; state.ADDR_WRITE ; 0                ; 0              ; 0               ; 1                ; 0               ; 1          ;
; state.DATA_READ  ; 0                ; 0              ; 1               ; 0                ; 0               ; 1          ;
; state.STOP_BIT   ; 0                ; 1              ; 0               ; 0                ; 0               ; 1          ;
; state.WAIT_STATE ; 1                ; 0              ; 0               ; 0                ; 0               ; 1          ;
+------------------+------------------+----------------+-----------------+------------------+-----------------+------------+


Encoding Type:  One-Hot
+-------------------------------------------------------------------------------------------------------------------------------------------------------------------------------------------------------------------------------------------+
; State Machine - |read_temp|i2c_controller:i2c_core|state                                                                                                                                                                                  ;
+---------------------+----------------+-------------+-------------+-------------+--------------------+-------------------+--------------------+---------------------+-------------------+--------------------+--------------+--------------+
; Name                ; state.RESTART1 ; state.STOP3 ; state.STOP2 ; state.STOP1 ; state.READ_WAITING ; state.READING_ACK ; state.READING_DATA ; state.WRITE_WAITING ; state.WRITING_ACK ; state.WRITING_DATA ; state.START2 ; state.START1 ;
+---------------------+----------------+-------------+-------------+-------------+--------------------+-------------------+--------------------+---------------------+-------------------+--------------------+--------------+--------------+
; state.START1        ; 0              ; 0           ; 0           ; 0           ; 0                  ; 0                 ; 0                  ; 0                   ; 0                 ; 0                  ; 0            ; 0            ;
; state.START2        ; 0              ; 0           ; 0           ; 0           ; 0                  ; 0                 ; 0                  ; 0                   ; 0                 ; 0                  ; 1            ; 1            ;
; state.WRITING_DATA  ; 0              ; 0           ; 0           ; 0           ; 0                  ; 0                 ; 0                  ; 0                   ; 0                 ; 1                  ; 0            ; 1            ;
; state.WRITING_ACK   ; 0              ; 0           ; 0           ; 0           ; 0                  ; 0                 ; 0                  ; 0                   ; 1                 ; 0                  ; 0            ; 1            ;
; state.WRITE_WAITING ; 0              ; 0           ; 0           ; 0           ; 0                  ; 0                 ; 0                  ; 1                   ; 0                 ; 0                  ; 0            ; 1            ;
; state.READING_DATA  ; 0              ; 0           ; 0           ; 0           ; 0                  ; 0                 ; 1                  ; 0                   ; 0                 ; 0                  ; 0            ; 1            ;
; state.READING_ACK   ; 0              ; 0           ; 0           ; 0           ; 0                  ; 1                 ; 0                  ; 0                   ; 0                 ; 0                  ; 0            ; 1            ;
; state.READ_WAITING  ; 0              ; 0           ; 0           ; 0           ; 1                  ; 0                 ; 0                  ; 0                   ; 0                 ; 0                  ; 0            ; 1            ;
; state.STOP1         ; 0              ; 0           ; 0           ; 1           ; 0                  ; 0                 ; 0                  ; 0                   ; 0                 ; 0                  ; 0            ; 1            ;
; state.STOP2         ; 0              ; 0           ; 1           ; 0           ; 0                  ; 0                 ; 0                  ; 0                   ; 0                 ; 0                  ; 0            ; 1            ;
; state.STOP3         ; 0              ; 1           ; 0           ; 0           ; 0                  ; 0                 ; 0                  ; 0                   ; 0                 ; 0                  ; 0            ; 1            ;
; state.RESTART1      ; 1              ; 0           ; 0           ; 0           ; 0                  ; 0                 ; 0                  ; 0                   ; 0                 ; 0                  ; 0            ; 1            ;
+---------------------+----------------+-------------+-------------+-------------+--------------------+-------------------+--------------------+---------------------+-------------------+--------------------+--------------+--------------+


+-----------------------------------------------------------------------------------------------+
; Registers Removed During Synthesis                                                            ;
+-------------------------------------------------+---------------------------------------------+
; Register name                                   ; Reason for Removal                          ;
+-------------------------------------------------+---------------------------------------------+
; i2c_controller:i2c_core|i2c_clock_counter[0..6] ; Stuck at GND due to stuck port clear        ;
; i2c_controller:i2c_core|running                 ; Stuck at GND due to stuck port clear        ;
; i2c_controller:i2c_core|pause_running           ; Lost fanout                                 ;
; i2c_controller:i2c_core|previous_running_clock  ; Stuck at GND due to stuck port clock_enable ;
; i2c_controller:i2c_core|running_clock           ; Stuck at GND due to stuck port clock_enable ;
; i2c_controller:i2c_core|clock_flip              ; Stuck at GND due to stuck port clock_enable ;
; i2c_controller:i2c_core|bit_counter[0..3]       ; Stuck at GND due to stuck port clock_enable ;
; i2c_controller:i2c_core|data_to_write[0..7]     ; Stuck at GND due to stuck port clock_enable ;
; i2c_controller:i2c_core|scl_local               ; Stuck at VCC due to stuck port preset       ;
; i2c_controller:i2c_core|sda_local               ; Stuck at VCC due to stuck port preset       ;
; i2c_controller:i2c_core|state.START1            ; Stuck at GND due to stuck port clear        ;
; i2c_controller:i2c_core|state.START2            ; Stuck at GND due to stuck port clear        ;
; i2c_controller:i2c_core|state.WRITING_DATA      ; Stuck at GND due to stuck port clear        ;
; i2c_controller:i2c_core|state.WRITING_ACK       ; Stuck at GND due to stuck port clear        ;
; i2c_controller:i2c_core|state.WRITE_WAITING     ; Stuck at GND due to stuck port clear        ;
; i2c_controller:i2c_core|state.READING_DATA      ; Stuck at GND due to stuck port clear        ;
; i2c_controller:i2c_core|state.READING_ACK       ; Stuck at GND due to stuck port clear        ;
; i2c_controller:i2c_core|state.READ_WAITING      ; Stuck at GND due to stuck port clear        ;
; i2c_controller:i2c_core|state.STOP1             ; Stuck at GND due to stuck port clear        ;
; i2c_controller:i2c_core|state.STOP2             ; Stuck at GND due to stuck port clear        ;
; i2c_controller:i2c_core|state.STOP3             ; Stuck at GND due to stuck port clear        ;
; i2c_controller:i2c_core|state.RESTART1          ; Stuck at GND due to stuck port clear        ;
; state.IDLE                                      ; Lost fanout                                 ;
; state.START_BIT                                 ; Lost fanout                                 ;
; state.ADDR_WRITE                                ; Lost fanout                                 ;
; state.DATA_READ                                 ; Lost fanout                                 ;
; state.STOP_BIT                                  ; Lost fanout                                 ;
; state.WAIT_STATE                                ; Lost fanout                                 ;
; Total Number of Removed Registers = 44          ;                                             ;
+-------------------------------------------------+---------------------------------------------+


+-------------------------------------------------------------------------------------------------------------------------------------------------+
; Removed Registers Triggering Further Register Optimizations                                                                                     ;
+---------------------------------+-------------------------+-------------------------------------------------------------------------------------+
; Register name                   ; Reason for Removal      ; Registers Removed due to This Register                                              ;
+---------------------------------+-------------------------+-------------------------------------------------------------------------------------+
; i2c_controller:i2c_core|running ; Stuck at GND            ; i2c_controller:i2c_core|pause_running,                                              ;
;                                 ; due to stuck port clear ; i2c_controller:i2c_core|previous_running_clock, i2c_controller:i2c_core|clock_flip, ;
;                                 ;                         ; i2c_controller:i2c_core|bit_counter[3], i2c_controller:i2c_core|bit_counter[2],     ;
;                                 ;                         ; i2c_controller:i2c_core|bit_counter[1], i2c_controller:i2c_core|bit_counter[0],     ;
;                                 ;                         ; i2c_controller:i2c_core|data_to_write[7], i2c_controller:i2c_core|data_to_write[6], ;
;                                 ;                         ; i2c_controller:i2c_core|data_to_write[5], i2c_controller:i2c_core|data_to_write[4], ;
;                                 ;                         ; i2c_controller:i2c_core|data_to_write[3], i2c_controller:i2c_core|data_to_write[2], ;
;                                 ;                         ; i2c_controller:i2c_core|data_to_write[1], i2c_controller:i2c_core|data_to_write[0], ;
;                                 ;                         ; i2c_controller:i2c_core|scl_local, i2c_controller:i2c_core|sda_local                ;
; state.IDLE                      ; Lost Fanouts            ; state.STOP_BIT                                                                      ;
; state.START_BIT                 ; Lost Fanouts            ; state.WAIT_STATE                                                                    ;
+---------------------------------+-------------------------+-------------------------------------------------------------------------------------+


+------------------------------------------------------+
; General Register Statistics                          ;
+----------------------------------------------+-------+
; Statistic                                    ; Value ;
+----------------------------------------------+-------+
; Total registers                              ; 0     ;
; Number of registers using Synchronous Clear  ; 0     ;
; Number of registers using Synchronous Load   ; 0     ;
; Number of registers using Asynchronous Clear ; 0     ;
; Number of registers using Asynchronous Load  ; 0     ;
; Number of registers using Clock Enable       ; 0     ;
; Number of registers using Preset             ; 0     ;
+----------------------------------------------+-------+


+-------------------------------------------------------------------------------------------------------------------------+
; Port Connectivity Checks: "i2c_controller:i2c_core"                                                                     ;
+---------------+--------+----------+-------------------------------------------------------------------------------------+
; Port          ; Type   ; Severity ; Details                                                                             ;
+---------------+--------+----------+-------------------------------------------------------------------------------------+
; reset         ; Input  ; Info     ; Stuck at VCC                                                                        ;
; trigger       ; Input  ; Info     ; Stuck at GND                                                                        ;
; restart       ; Input  ; Info     ; Stuck at GND                                                                        ;
; last_byte     ; Input  ; Info     ; Stuck at GND                                                                        ;
; address[5..1] ; Input  ; Info     ; Stuck at GND                                                                        ;
; address[6]    ; Input  ; Info     ; Stuck at VCC                                                                        ;
; address[0]    ; Input  ; Info     ; Stuck at VCC                                                                        ;
; read_write    ; Input  ; Info     ; Stuck at GND                                                                        ;
; write_data    ; Input  ; Info     ; Stuck at GND                                                                        ;
; read_data     ; Output ; Info     ; Connected to dangling logic. Logic that only feeds a dangling port will be removed. ;
; ack_error     ; Output ; Info     ; Connected to dangling logic. Logic that only feeds a dangling port will be removed. ;
; busy          ; Output ; Info     ; Connected to dangling logic. Logic that only feeds a dangling port will be removed. ;
+---------------+--------+----------+-------------------------------------------------------------------------------------+


+-----------------------------------------------------+
; Post-Synthesis Netlist Statistics for Top Partition ;
+--------------------+--------------------------------+
; Type               ; Count                          ;
+--------------------+--------------------------------+
; boundary_port      ; 4                              ;
; cycloneiii_io_obuf ; 2                              ;
;                    ;                                ;
; Max LUT depth      ; 0.00                           ;
; Average LUT depth  ; 0.00                           ;
+--------------------+--------------------------------+


+-------------------------------+
; Elapsed Time Per Partition    ;
+----------------+--------------+
; Partition Name ; Elapsed Time ;
+----------------+--------------+
; Top            ; 00:00:00     ;
+----------------+--------------+


+-------------------------------+
; Analysis & Synthesis Messages ;
+-------------------------------+
Info: *******************************************************************
Info: Running Quartus Prime Analysis & Synthesis
    Info: Version 20.1.0 Build 711 06/05/2020 SJ Lite Edition
    Info: Processing started: Tue Jun 09 23:18:17 2026
Info: Command: quartus_map --read_settings_files=on --write_settings_files=off read_temp -c read_temp
Warning (18236): Number of processors has not been specified which may cause overloading on shared machines.  Set the global assignment NUM_PARALLEL_PROCESSORS in your QSF to an appropriate value for best performance.
Info (20030): Parallel compilation is enabled and will use 16 of the 16 processors detected
Info (12021): Found 2 design units, including 1 entities, in source file read_temp.vhd
    Info (12022): Found design unit 1: read_temp-rtl File: C:/Eng/fpga_projects/workbench/read_temp_i2c_v2/read_temp.vhd Line: 15
    Info (12023): Found entity 1: read_temp File: C:/Eng/fpga_projects/workbench/read_temp_i2c_v2/read_temp.vhd Line: 5
Info (12021): Found 2 design units, including 1 entities, in source file i2c_controller.vhd
    Info (12022): Found design unit 1: i2c_controller-behavioral File: C:/Eng/fpga_projects/workbench/read_temp_i2c_v2/i2c_controller.vhd Line: 21
    Info (12023): Found entity 1: i2c_controller File: C:/Eng/fpga_projects/workbench/read_temp_i2c_v2/i2c_controller.vhd Line: 5
Info (12127): Elaborating entity "read_temp" for the top level hierarchy
Warning (10036): Verilog HDL or VHDL warning at read_temp.vhd(23): object "i2c_ack_nack" assigned a value but never read File: C:/Eng/fpga_projects/workbench/read_temp_i2c_v2/read_temp.vhd Line: 23
Warning (10036): Verilog HDL or VHDL warning at read_temp.vhd(24): object "i2c_din" assigned a value but never read File: C:/Eng/fpga_projects/workbench/read_temp_i2c_v2/read_temp.vhd Line: 24
Warning (10036): Verilog HDL or VHDL warning at read_temp.vhd(26): object "i2c_busy" assigned a value but never read File: C:/Eng/fpga_projects/workbench/read_temp_i2c_v2/read_temp.vhd Line: 26
Warning (10631): VHDL Process Statement warning at read_temp.vhd(52): inferring latch(es) for signal or variable "i2c_start", which holds its previous value in one or more paths through the process File: C:/Eng/fpga_projects/workbench/read_temp_i2c_v2/read_temp.vhd Line: 52
Warning (10631): VHDL Process Statement warning at read_temp.vhd(52): inferring latch(es) for signal or variable "i2c_stop", which holds its previous value in one or more paths through the process File: C:/Eng/fpga_projects/workbench/read_temp_i2c_v2/read_temp.vhd Line: 52
Warning (10631): VHDL Process Statement warning at read_temp.vhd(52): inferring latch(es) for signal or variable "i2c_restart", which holds its previous value in one or more paths through the process File: C:/Eng/fpga_projects/workbench/read_temp_i2c_v2/read_temp.vhd Line: 52
Warning (10631): VHDL Process Statement warning at read_temp.vhd(52): inferring latch(es) for signal or variable "i2c_rw", which holds its previous value in one or more paths through the process File: C:/Eng/fpga_projects/workbench/read_temp_i2c_v2/read_temp.vhd Line: 52
Warning (10631): VHDL Process Statement warning at read_temp.vhd(52): inferring latch(es) for signal or variable "i2c_dout", which holds its previous value in one or more paths through the process File: C:/Eng/fpga_projects/workbench/read_temp_i2c_v2/read_temp.vhd Line: 52
Warning (10631): VHDL Process Statement warning at read_temp.vhd(52): inferring latch(es) for signal or variable "internal_reset", which holds its previous value in one or more paths through the process File: C:/Eng/fpga_projects/workbench/read_temp_i2c_v2/read_temp.vhd Line: 52
Info (10041): Inferred latch for "internal_reset" at read_temp.vhd(52) File: C:/Eng/fpga_projects/workbench/read_temp_i2c_v2/read_temp.vhd Line: 52
Info (10041): Inferred latch for "i2c_dout[0]" at read_temp.vhd(52) File: C:/Eng/fpga_projects/workbench/read_temp_i2c_v2/read_temp.vhd Line: 52
Info (10041): Inferred latch for "i2c_dout[1]" at read_temp.vhd(52) File: C:/Eng/fpga_projects/workbench/read_temp_i2c_v2/read_temp.vhd Line: 52
Info (10041): Inferred latch for "i2c_dout[2]" at read_temp.vhd(52) File: C:/Eng/fpga_projects/workbench/read_temp_i2c_v2/read_temp.vhd Line: 52
Info (10041): Inferred latch for "i2c_dout[3]" at read_temp.vhd(52) File: C:/Eng/fpga_projects/workbench/read_temp_i2c_v2/read_temp.vhd Line: 52
Info (10041): Inferred latch for "i2c_dout[4]" at read_temp.vhd(52) File: C:/Eng/fpga_projects/workbench/read_temp_i2c_v2/read_temp.vhd Line: 52
Info (10041): Inferred latch for "i2c_dout[5]" at read_temp.vhd(52) File: C:/Eng/fpga_projects/workbench/read_temp_i2c_v2/read_temp.vhd Line: 52
Info (10041): Inferred latch for "i2c_dout[6]" at read_temp.vhd(52) File: C:/Eng/fpga_projects/workbench/read_temp_i2c_v2/read_temp.vhd Line: 52
Info (10041): Inferred latch for "i2c_dout[7]" at read_temp.vhd(52) File: C:/Eng/fpga_projects/workbench/read_temp_i2c_v2/read_temp.vhd Line: 52
Info (10041): Inferred latch for "i2c_rw" at read_temp.vhd(52) File: C:/Eng/fpga_projects/workbench/read_temp_i2c_v2/read_temp.vhd Line: 52
Info (10041): Inferred latch for "i2c_restart" at read_temp.vhd(52) File: C:/Eng/fpga_projects/workbench/read_temp_i2c_v2/read_temp.vhd Line: 52
Info (10041): Inferred latch for "i2c_stop" at read_temp.vhd(52) File: C:/Eng/fpga_projects/workbench/read_temp_i2c_v2/read_temp.vhd Line: 52
Info (10041): Inferred latch for "i2c_start" at read_temp.vhd(52) File: C:/Eng/fpga_projects/workbench/read_temp_i2c_v2/read_temp.vhd Line: 52
Info (12128): Elaborating entity "i2c_controller" for hierarchy "i2c_controller:i2c_core" File: C:/Eng/fpga_projects/workbench/read_temp_i2c_v2/read_temp.vhd Line: 34
Info (17049): 7 registers lost all their fanouts during netlist optimizations.
Info (16010): Generating hard_block partition "hard_block:auto_generated_inst"
    Info (16011): Adding 0 node(s), including 0 DDIO, 0 PLL, 0 transceiver and 0 LCELL
Warning (21074): Design contains 2 input pin(s) that do not drive logic
    Warning (15610): No output dependent on input pin "clk" File: C:/Eng/fpga_projects/workbench/read_temp_i2c_v2/read_temp.vhd Line: 7
    Warning (15610): No output dependent on input pin "reset" File: C:/Eng/fpga_projects/workbench/read_temp_i2c_v2/read_temp.vhd Line: 8
Info (21057): Implemented 4 device resources after synthesis - the final resource count might be different
    Info (21058): Implemented 2 input pins
    Info (21059): Implemented 0 output pins
    Info (21060): Implemented 2 bidirectional pins
Info: Quartus Prime Analysis & Synthesis was successful. 0 errors, 13 warnings
    Info: Peak virtual memory: 4796 megabytes
    Info: Processing ended: Tue Jun 09 23:18:23 2026
    Info: Elapsed time: 00:00:06
    Info: Total CPU time (on all processors): 00:00:13


